../Core/Src/main.c:169:5:main	1
../Core/Src/main.c:276:6:SystemClock_Config	3
../Core/Src/main.c:324:13:MX_ADC1_Init	6
../Core/Src/main.c:410:13:MX_ADC2_Init	8
../Core/Src/main.c:514:13:MX_CRC_Init	2
../Core/Src/main.c:545:13:MX_TIM2_Init	7
../Core/Src/main.c:607:13:MX_TIM3_Init	4
../Core/Src/main.c:652:13:MX_TIM4_Init	8
../Core/Src/main.c:718:13:MX_TIM7_Init	3
../Core/Src/main.c:756:13:MX_TIM8_Init	4
../Core/Src/main.c:803:13:MX_TIM15_Init	4
../Core/Src/main.c:849:13:MX_USART3_UART_Init	5
../Core/Src/main.c:895:13:MX_DMA_Init	1
../Core/Src/main.c:917:13:MX_GPIO_Init	1
../Core/Src/main.c:990:6:Start_tskUSB	1
../Core/Src/main.c:1015:6:Start_tskCalc	1
../Core/Src/main.c:1034:6:Start_taskUI	1
../Core/Src/main.c:1053:6:Start_taskModbus	1
../Core/Src/main.c:1073:6:HAL_TIM_PeriodElapsedCallback	2
../Core/Src/main.c:1091:6:Error_Handler	1
