../Core/Src/main.c:176:5:main	1
../Core/Src/main.c:286:6:SystemClock_Config	3
../Core/Src/main.c:334:13:MX_ADC1_Init	6
../Core/Src/main.c:420:13:MX_ADC2_Init	8
../Core/Src/main.c:524:13:MX_CRC_Init	2
../Core/Src/main.c:555:13:MX_TIM1_Init	4
../Core/Src/main.c:602:13:MX_TIM2_Init	7
../Core/Src/main.c:664:13:MX_TIM3_Init	4
../Core/Src/main.c:709:13:MX_TIM4_Init	8
../Core/Src/main.c:775:13:MX_TIM6_Init	3
../Core/Src/main.c:813:13:MX_TIM7_Init	3
../Core/Src/main.c:851:13:MX_TIM8_Init	4
../Core/Src/main.c:898:13:MX_TIM16_Init	2
../Core/Src/main.c:930:13:MX_TIM17_Init	2
../Core/Src/main.c:962:13:MX_USART3_UART_Init	5
../Core/Src/main.c:1008:13:MX_DMA_Init	1
../Core/Src/main.c:1033:13:MX_GPIO_Init	1
../Core/Src/main.c:1106:6:StartDefaultTask	1
../Core/Src/main.c:1126:6:StartTask04	1
../Core/Src/main.c:1145:6:StartTask02	1
../Core/Src/main.c:1164:6:StartTask03	1
../Core/Src/main.c:1180:6:Error_Handler	1
