../Core/Src/main.c:176:5:main	1
../Core/Src/main.c:286:6:SystemClock_Config	3
../Core/Src/main.c:334:13:MX_ADC1_Init	6
../Core/Src/main.c:420:13:MX_ADC2_Init	8
../Core/Src/main.c:525:13:MX_I2C2_Init	4
../Core/Src/main.c:573:13:MX_TIM1_Init	6
../Core/Src/main.c:633:13:MX_TIM2_Init	4
../Core/Src/main.c:678:13:MX_TIM3_Init	9
../Core/Src/main.c:748:13:MX_TIM7_Init	3
../Core/Src/main.c:786:13:MX_TIM8_Init	4
../Core/Src/main.c:833:13:MX_USART2_UART_Init	5
../Core/Src/main.c:879:13:MX_DMA_Init	1
../Core/Src/main.c:901:13:MX_GPIO_Init	1
../Core/Src/main.c:966:6:StartDefaultTask	1
../Core/Src/main.c:986:6:StartTask02	1
../Core/Src/main.c:1004:6:StartTask03	1
../Core/Src/main.c:1022:6:StartTask04	1
../Core/Src/main.c:1042:6:HAL_TIM_PeriodElapsedCallback	2
../Core/Src/main.c:1060:6:Error_Handler	1
