../Core/Src/main.c:166:5:main	1
../Core/Src/main.c:272:6:SystemClock_Config	3
../Core/Src/main.c:320:13:MX_ADC1_Init	6
../Core/Src/main.c:404:13:MX_ADC2_Init	8
../Core/Src/main.c:504:13:MX_I2C2_Init	4
../Core/Src/main.c:552:13:MX_TIM1_Init	6
../Core/Src/main.c:612:13:MX_TIM2_Init	4
../Core/Src/main.c:657:13:MX_TIM3_Init	9
../Core/Src/main.c:727:13:MX_TIM7_Init	3
../Core/Src/main.c:765:13:MX_TIM8_Init	4
../Core/Src/main.c:812:13:MX_USART2_UART_Init	5
../Core/Src/main.c:858:13:MX_DMA_Init	1
../Core/Src/main.c:877:13:MX_GPIO_Init	1
../Core/Src/main.c:942:6:StartDefaultTask	1
../Core/Src/main.c:962:6:StartTask02	1
../Core/Src/main.c:980:6:StartTask03	1
../Core/Src/main.c:998:6:StartTask04	1
../Core/Src/main.c:1017:6:HAL_TIM_PeriodElapsedCallback	2
../Core/Src/main.c:1035:6:Error_Handler	1
